npm warn using --force Recommended protections disabled.
npm warn deprecated glob@7.2.3: Old versions of glob are not supported, and contain widely publicized security vulnerabilities, which have been fixed in the current version. Please update. Support for old versions may be purchased (at exorbitant rates) by contacting i@izs.me
npm warn deprecated rimraf@3.0.2: Rimraf versions prior to v4 are no longer supported
npm warn deprecated glob@7.2.3: Old versions of glob are not supported, and contain widely publicized security vulnerabilities, which have been fixed in the current version. Please update. Support for old versions may be purchased (at exorbitant rates) by contacting i@izs.me
npm warn deprecated glob@7.2.3: Old versions of glob are not supported, and contain widely publicized security vulnerabilities, which have been fixed in the current version. Please update. Support for old versions may be purchased (at exorbitant rates) by contacting i@izs.me
npm warn deprecated glob@7.2.3: Old versions of glob are not supported, and contain widely publicized security vulnerabilities, which have been fixed in the current version. Please update. Support for old versions may be purchased (at exorbitant rates) by contacting i@izs.me
npm warn deprecated glob@7.2.3: Old versions of glob are not supported, and contain widely publicized security vulnerabilities, which have been fixed in the current version. Please update. Support for old versions may be purchased (at exorbitant rates) by contacting i@izs.me
npm warn cleanup Failed to remove some directories [
npm warn cleanup   [
npm warn cleanup     'C:\\Users\\adity\\Desktop\\LEON\\mobile\\node_modules\\expo',
npm warn cleanup     [Error: EPERM: operation not permitted, rmdir 'C:\Users\adity\Desktop\LEON\mobile\node_modules\expo\node_modules\expo-constants\android'] {
npm warn cleanup       errno: -4048,
npm warn cleanup       code: 'EPERM',
npm warn cleanup       syscall: 'rmdir',
npm warn cleanup       path: 'C:\\Users\\adity\\Desktop\\LEON\\mobile\\node_modules\\expo\\node_modules\\expo-constants\\android'
npm warn cleanup     }
npm warn cleanup   ],
npm warn cleanup   [
npm warn cleanup     'C:\\Users\\adity\\Desktop\\LEON\\mobile\\node_modules\\expo-modules-autolinking',
npm warn cleanup     [Error: EPERM: operation not permitted, rmdir 'C:\Users\adity\Desktop\LEON\mobile\node_modules\expo-modules-autolinking\android\expo-gradle-plugin\expo-autolinking-plugin\src\main\kotlin\expo\modules'] {
npm warn cleanup       errno: -4048,
npm warn cleanup       code: 'EPERM',
npm warn cleanup       syscall: 'rmdir',
npm warn cleanup       path: 'C:\\Users\\adity\\Desktop\\LEON\\mobile\\node_modules\\expo-modules-autolinking\\android\\expo-gradle-plugin\\expo-autolinking-plugin\\src\\main\\kotlin\\expo\\modules'
npm warn cleanup     }
npm warn cleanup   ],
npm warn cleanup   [
npm warn cleanup     '\\\\?\\C:\\Users\\adity\\Desktop\\LEON\\mobile\\node_modules\\expo-modules-autolinking',
npm warn cleanup     [Error: EPERM: operation not permitted, rmdir 'C:\Users\adity\Desktop\LEON\mobile\node_modules\expo-modules-autolinking\android\expo-gradle-plugin\expo-autolinking-settings-plugin\src\main\kotlin\expo\modules'] {
npm warn cleanup       errno: -4048,
npm warn cleanup       code: 'EPERM',
npm warn cleanup       syscall: 'rmdir',
npm warn cleanup       path: 'C:\\Users\\adity\\Desktop\\LEON\\mobile\\node_modules\\expo-modules-autolinking\\android\\expo-gradle-plugin\\expo-autolinking-settings-plugin\\src\\main\\kotlin\\expo\\modules'
npm warn cleanup     }
npm warn cleanup   ],
npm warn cleanup   [
npm warn cleanup     '\\\\?\\C:\\Users\\adity\\Desktop\\LEON\\mobile\\node_modules\\expo',
npm warn cleanup     [Error: EPERM: operation not permitted, rmdir 'C:\Users\adity\Desktop\LEON\mobile\node_modules\expo\node_modules\@react-native\debugger-frontend'] {
npm warn cleanup       errno: -4048,
npm warn cleanup       code: 'EPERM',
npm warn cleanup       syscall: 'rmdir',
npm warn cleanup       path: 'C:\\Users\\adity\\Desktop\\LEON\\mobile\\node_modules\\expo\\node_modules\\@react-native\\debugger-frontend'
npm warn cleanup     }
npm warn cleanup   ]
npm warn cleanup ]
npm error code ENOTEMPTY
npm error syscall rmdir
npm error path C:\Users\adity\Desktop\LEON\mobile\node_modules\react-native\React\Runtime
npm error errno -4051
npm error ENOTEMPTY: directory not empty, rmdir 'C:\Users\adity\Desktop\LEON\mobile\node_modules\react-native\React\Runtime'
npm error A complete log of this run can be found in: C:\Users\adity\AppData\Local\npm-cache\_logs\2026-10-03T06_47_20_250Z-debug-0.log
